../Core/Src/main.c:102:5:main	8	static
../Core/Src/main.c:150:6:SystemClock_Config	88	static
../Core/Src/main.c:192:13:MX_GPIO_Init	32	static
../Core/Src/main.c:214:6:space	8	static
../Core/Src/main.c:219:6:shortSpace	8	static
../Core/Src/main.c:224:6:dot	8	static
../Core/Src/main.c:234:6:dash	8	static
../Core/Src/main.c:244:6:letterA	8	static
../Core/Src/main.c:245:6:letterB	8	static
../Core/Src/main.c:246:6:letterC	8	static
../Core/Src/main.c:247:6:letterD	8	static
../Core/Src/main.c:248:6:letterE	8	static
../Core/Src/main.c:249:6:letterF	8	static
../Core/Src/main.c:250:6:letterG	8	static
../Core/Src/main.c:251:6:letterH	8	static
../Core/Src/main.c:252:6:letterI	8	static
../Core/Src/main.c:253:6:letterJ	8	static
../Core/Src/main.c:254:6:letterK	8	static
../Core/Src/main.c:255:6:letterL	8	static
../Core/Src/main.c:256:6:letterM	8	static
../Core/Src/main.c:257:6:letterN	8	static
../Core/Src/main.c:258:6:letterO	8	static
../Core/Src/main.c:259:6:letterP	8	static
../Core/Src/main.c:260:6:letterQ	8	static
../Core/Src/main.c:261:6:letterR	8	static
../Core/Src/main.c:262:6:letterS	8	static
../Core/Src/main.c:263:6:letterT	8	static
../Core/Src/main.c:264:6:letterU	8	static
../Core/Src/main.c:265:6:letterV	8	static
../Core/Src/main.c:266:6:letterW	8	static
../Core/Src/main.c:267:6:letterX	8	static
../Core/Src/main.c:268:6:letterY	8	static
../Core/Src/main.c:269:6:letterZ	8	static
../Core/Src/main.c:270:6:number1	8	static
../Core/Src/main.c:271:6:number2	8	static
../Core/Src/main.c:272:6:number3	8	static
../Core/Src/main.c:273:6:number4	8	static
../Core/Src/main.c:274:6:number5	8	static
../Core/Src/main.c:275:6:number6	8	static
../Core/Src/main.c:276:6:number7	8	static
../Core/Src/main.c:277:6:number8	8	static
../Core/Src/main.c:278:6:number9	8	static
../Core/Src/main.c:279:6:number0	8	static
../Core/Src/main.c:287:6:Error_Handler	4	static,ignoring_inline_asm
